192.168.1.1 - - [12/Oct/2023:00:01:23 +0000] "GET /api/v1/products HTTP/1.1" 200 4500 "-" "Mozilla/5.0"
10.0.0.5 - - [12/Oct/2023:00:05:44 +0000] "GET /static/css/main.css HTTP/1.1" 304 - "http://localhost:3000" "Mozilla/5.0"
172.16.0.2 - - [12/Oct/2023:00:10:12 +0000] "POST /api/v1/auth/login HTTP/1.1" 200 1200 "-" "PostmanRuntime/7.29.2"
8.8.8.8 - - [12/Oct/2023:00:15:30 +0000] "GET /index.html HTTP/1.1" 200 8500 "-" "Mozilla/5.0 (compatible; Googlebot/2.1)"
192.168.1.10 - admin [12/Oct/2023:00:20:05 +0000] "GET /admin/dashboard HTTP/1.1" 200 24000 "-" "Mozilla/5.0"
192.168.2.45 - - [12/Oct/2023:00:25:50 +0000] "GET /api/v1/debug/log?level=DEBUG HTTP/1.1" 200 150 "-" "curl/7.68.0"
10.10.10.10 - - [12/Oct/2023:00:30:15 +0000] "GET /api/v1/status?msg=INFO HTTP/1.1" 200 450 "-" "Mozilla/5.0"
109.224.11.3 - - [12/Oct/2023:00:35:40 +0000] "GET /nonexistent HTTP/1.1" 404 320 "-" "Mozilla/5.0"
64.233.160.10 - - [12/Oct/2023:00:40:22 +0000] "GET /api/v1/warning/disk-space?pct=WARN HTTP/1.1" 200 80 "-" "Mozilla/5.0"
207.46.13.15 - - [12/Oct/2023:00:45:10 +0000] "GET /api/v1/errors/validation?err=ERROR HTTP/1.1" 400 620 "-" "Mozilla/5.0"
157.55.39.2 - - [12/Oct/2023:00:50:55 +0000] "POST /api/v1/critical/database HTTP/1.1" 500 1500 "-" "Mozilla/5.0"
198.51.100.4 - - [12/Oct/2023:00:55:01 +0000] "POST /api/v1/emergency/shutdown?auth=EMERG HTTP/1.1" 503 200 "-" "Mozilla/5.0"
192.168.1.1 - - [12/Oct/2023:01:02:10 +0000] "GET /api/v1/products HTTP/1.1" 200 4300 "-" "Mozilla/5.0"
10.0.0.5 - - [12/Oct/2023:01:07:12 +0000] "GET /static/js/bundle.js HTTP/1.1" 200 120450 "http://localhost:3000" "Mozilla/5.0"
172.16.0.2 - - [12/Oct/2023:01:12:44 +0000] "POST /api/v1/auth/login HTTP/1.1" 401 150 "-" "Mozilla/5.0"
8.8.8.8 - - [12/Oct/2023:01:17:15 +0000] "GET /favicon.ico HTTP/1.1" 200 1400 "-" "Mozilla/5.0"
192.168.1.10 - admin [12/Oct/2023:01:22:30 +0000] "GET /admin/settings HTTP/1.1" 200 8400 "-" "Mozilla/5.0"
192.168.2.45 - - [12/Oct/2023:01:27:01 +0000] "GET /api/v1/debug/log?level=DEBUG HTTP/1.1" 200 150 "-" "curl/7.68.0"
10.10.10.10 - - [12/Oct/2023:01:32:05 +0000] "GET /api/v1/status?msg=INFO HTTP/1.1" 200 450 "-" "Mozilla/5.0"
109.224.11.3 - - [12/Oct/2023:01:37:18 +0000] "GET /nonexistent HTTP/1.1" 404 320 "-" "Mozilla/5.0"
64.233.160.10 - - [12/Oct/2023:01:42:29 +0000] "GET /api/v1/warning/disk-space?pct=WARN HTTP/1.1" 200 80 "-" "Mozilla/5.0"
207.46.13.15 - - [12/Oct/2023:01:47:33 +0000] "GET /api/v1/errors/validation?err=ERROR HTTP/1.1" 400 620 "-" "Mozilla/5.0"
157.55.39.2 - - [12/Oct/2023:01:52:14 +0000] "POST /api/v1/critical/database HTTP/1.1" 500 1500 "-" "Mozilla/5.0"
198.51.100.4 - - [12/Oct/2023:01:57:48 +0000] "GET /api/v1/system/alert?level=ALERT HTTP/1.1" 200 120 "-" "Mozilla/5.0"
192.168.1.1 - - [12/Oct/2023:02:01:05 +0000] "GET /api/v1/products HTTP/1.1" 200 4500 "-" "Mozilla/5.0"
10.0.0.5 - - [12/Oct/2023:02:06:18 +0000] "GET /static/css/main.css HTTP/1.1" 200 15200 "http://localhost:3000" "Mozilla/5.0"
172.16.0.2 - - [12/Oct/2023:02:11:12 +0000] "POST /api/v1/auth/login HTTP/1.1" 200 1200 "-" "Mozilla/5.0"
8.8.8.8 - - [12/Oct/2023:02:16:30 +0000] "GET /index.html HTTP/1.1" 200 8500 "-" "Mozilla/5.0"
192.168.1.10 - admin [12/Oct/2023:02:21:45 +0000] "GET /admin/dashboard HTTP/1.1" 403 220 "-" "Mozilla/5.0"
192.168.2.45 - - [12/Oct/2023:02:26:12 +0000] "GET /api/v1/debug/log?level=DEBUG HTTP/1.1" 200 150 "-" "curl/7.68.0"
10.10.10.10 - - [12/Oct/2023:02:31:55 +0000] "GET /api/v1/status?msg=INFO HTTP/1.1" 200 450 "-" "Mozilla/5.0"
109.224.11.3 - - [12/Oct/2023:02:36:02 +0000] "GET /nonexistent HTTP/1.1" 404 320 "-" "Mozilla/5.0"
64.233.160.10 - - [12/Oct/2023:02:41:40 +0000] "GET /api/v1/warning/disk-space?pct=WARN HTTP/1.1" 200 80 "-" "Mozilla/5.0"
207.46.13.15 - - [12/Oct/2023:02:46:15 +0000] "GET /api/v1/errors/validation?err=ERROR HTTP/1.1" 400 620 "-" "Mozilla/5.0"
157.55.39.2 - - [12/Oct/2023:02:51:22 +0000] "POST /api/v1/critical/database HTTP/1.1" 500 1500 "-" "Mozilla/5.0"
198.51.100.4 - - [12/Oct/2023:02:56:33 +0000] "GET /api/v1/notice/update?id=NOTICE HTTP/1.1" 200 110 "-" "Mozilla/5.0"
192.168.1.1 - - [12/Oct/2023:03:02:11 +0000] "GET /api/v1/products HTTP/1.1" 200 4500 "-" "Mozilla/5.0"
10.0.0.5 - - [12/Oct/2023:03:07:44 +0000] "GET /static/css/main.css HTTP/1.1" 304 - "http://localhost:3000" "Mozilla/5.0"
172.16.0.2 - - [12/Oct/2023:03:12:12 +0000] "POST /api/v1/auth/login HTTP/1.1" 200 1200 "-" "PostmanRuntime/7.29.2"
8.8.8.8 - - [12/Oct/2023:03:17:30 +0000] "GET /index.html HTTP/1.1" 200 8500 "-" "Mozilla/5.0"
192.168.1.10 - admin [12/Oct/2023:03:22:05 +0000] "GET /admin/dashboard HTTP/1.1" 200 24000 "-" "Mozilla/5.0"
192.168.2.45 - - [12/Oct/2023:03:27:50 +0000] "GET /api/v1/debug/log?level=DEBUG HTTP/1.1" 200 150 "-" "curl/7.68.0"
10.10.10.10 - - [12/Oct/2023:03:32:15 +0000] "GET /api/v1/status?msg=INFO HTTP/1.1" 200 450 "-" "Mozilla/5.0"
109.224.11.3 - - [12/Oct/2023:03:37:40 +0000] "GET /nonexistent HTTP/1.1" 404 320 "-" "Mozilla/5.0"
64.233.160.10 - - [12/Oct/2023:03:42:22 +0000] "GET /api/v1/warning/disk-space?pct=WARN HTTP/1.1" 200 80 "-" "Mozilla/5.0"
207.46.13.15 - - [12/Oct/2023:03:47:10 +0000] "GET /api/v1/errors/validation?err=ERROR HTTP/1.1" 400 620 "-" "Mozilla/5.0"
157.55.39.2 - - [12/Oct/2023:03:52:55 +0000] "POST /api/v1/critical/database HTTP/1.1" 502 340 "-" "Mozilla/5.0"
198.51.100.4 - - [12/Oct/2023:03:57:01 +0000] "POST /api/v1/emergency/shutdown?auth=EMERG HTTP/1.1" 503 200 "-" "Mozilla/5.0"
192.168.1.1 - - [12/Oct/2023:04:02:10 +0000] "GET /api/v1/products HTTP/1.1" 200 4300 "-" "Mozilla/5.0"
10.0.0.5 - - [12/Oct/2023:04:07:12 +0000] "GET /static/js/bundle.js HTTP/1.1" 200 120450 "http://localhost:3000" "Mozilla/5.0"
172.16.0.2 - - [12/Oct/2023:04:12:44 +0000] "POST /api/v1/auth/login HTTP/1.1" 401 150 "-" "Mozilla/5.0"
8.8.8.8 - - [12/Oct/2023:04:17:15 +0000] "GET /favicon.ico HTTP/1.1" 200 1400 "-" "Mozilla/5.0"
192.168.1.10 - admin [12/Oct/2023:04:22:30 +0000] "GET /admin/settings HTTP/1.1" 200 8400 "-" "Mozilla/5.0"
192.168.2.45 - - [12/Oct/2023:04:27:01 +0000] "GET /api/v1/debug/log?level=DEBUG HTTP/1.1" 200 150 "-" "curl/7.68.0"
10.10.10.10 - - [12/Oct/2023:04:32:05 +0000] "GET /api/v1/status?msg=INFO HTTP/1.1" 200 450 "-" "Mozilla/5.0"
109.224.11.3 - - [12/Oct/2023:04:37:18 +0000] "GET /nonexistent HTTP/1.1" 404 320 "-" "Mozilla/5.0"
64.233.160.10 - - [12/Oct/2023:04:42:29 +0000] "GET /api/v1/warning/disk-space?pct=WARN HTTP/1.1" 200 80 "-" "Mozilla/5.0"
207.46.13.15 - - [12/Oct/2023:04:47:33 +0000] "GET /api/v1/errors/validation?err=ERROR HTTP/1.1" 400 620 "-" "Mozilla/5.0"
157.55.39.2 - - [12/Oct/2023:04:52:14 +0000] "POST /api/v1/critical/database HTTP/1.1" 500 1500 "-" "Mozilla/5.0"
198.51.100.4 - - [12/Oct/2023:04:57:48 +0000] "GET /api/v1/system/alert?level=ALERT HTTP/1.1" 200 120 "-" "Mozilla/5.0"
192.168.1.1 - - [12/Oct/2023:05:01:05 +0000] "GET /api/v1/products HTTP/1.1" 200 4500 "-" "Mozilla/5.0"
10.0.0.5 - - [12/Oct/2023:05:06:18 +0000] "GET /static/css/main.css HTTP/1.1" 200 15200 "http://localhost:3000" "Mozilla/5.0"
172.16.0.2 - - [12/Oct/2023:05:11:12 +0000] "POST /api/v1/auth/login HTTP/1.1" 200 1200 "-" "Mozilla/5.0"
8.8.8.8 - - [12/Oct/2023:05:16:30 +0000] "GET /index.html HTTP/1.1" 200 8500 "-" "Mozilla/5.0"
192.168.1.10 - admin [12/Oct/2023:05:21:45 +0000] "GET /admin/dashboard HTTP/1.1" 403 220 "-" "Mozilla/5.0"
192.168.2.45 - - [12/Oct/2023:05:26:12 +0000] "GET /api/v1/debug/log?level=DEBUG HTTP/1.1" 200 150 "-" "curl/7.68.0"
10.10.10.10 - - [12/Oct/2023:05:31:55 +0000] "GET /api/v1/status?msg=INFO HTTP/1.1" 200 450 "-" "Mozilla/5.0"
109.224.11.3 - - [12/Oct/2023:05:36:02 +0000] "GET /nonexistent HTTP/1.1" 404 320 "-" "Mozilla/5.0"
64.233.160.10 - - [12/Oct/2023:05:41:40 +0000] "GET /api/v1/warning/disk-space?pct=WARN HTTP/1.1" 200 80 "-" "Mozilla/5.0"
207.46.13.15 - - [12/Oct/2023:05:46:15 +0000] "GET /api/v1/errors/validation?err=ERROR HTTP/1.1" 400 620 "-" "Mozilla/5.0"
157.55.39.2 - - [12/Oct/2023:05:51:22 +0000] "POST /api/v1/critical/database HTTP/1.1" 500 1500 "-" "Mozilla/5.0"
198.51.100.4 - - [12/Oct/2023:05:56:33 +0000] "GET /api/v1/notice/update?id=NOTICE HTTP/1.1" 200 110 "-" "Mozilla/5.0"
192.168.1.1 - - [12/Oct/2023:06:01:23 +0000] "GET /api/v1/products HTTP/1.1" 200 4500 "-" "Mozilla/5.0"
10.0.0.5 - - [12/Oct/2023:06:05:44 +0000] "GET /static/css/main.css HTTP/1.1" 304 - "http://localhost:3000" "Mozilla/5.0"
172.16.0.2 - - [12/Oct/2023:06:10:12 +0000] "POST /api/v1/auth/login HTTP/1.1" 200 1200 "-" "PostmanRuntime/7.29.2"
8.8.8.8 - - [12/Oct/2023:06:15:30 +0000] "GET /index.html HTTP/1.1" 200 8500 "-" "Mozilla/5.0 (compatible; Googlebot/2.1)"
192.168.1.10 - admin [12/Oct/2023:06:20:05 +0000] "GET /admin/dashboard HTTP/1.1" 200 24000 "-" "Mozilla/5.0"
192.168.2.45 - - [12/Oct/2023:06:25:50 +0000] "GET /api/v1/debug/log?level=DEBUG HTTP/1.1" 200 150 "-" "curl/7.68.0"
10.10.10.10 - - [12/Oct/2023:06:30:15 +0000] "GET /api/v1/status?msg=INFO HTTP/1.1" 200 450 "-" "Mozilla/5.0"
109.224.11.3 - - [12/Oct/2023:06:35:40 +0000] "GET /nonexistent HTTP/1.1" 404 320 "-" "Mozilla/5.0"
64.233.160.10 - - [12/Oct/2023:06:40:22 +0000] "GET /api/v1/warning/disk-space?pct=WARN HTTP/1.1" 200 80 "-" "Mozilla/5.0"
207.46.13.15 - - [12/Oct/2023:06:45:10 +0000] "GET /api/v1/errors/validation?err=ERROR HTTP/1.1" 400 620 "-" "Mozilla/5.0"
157.55.39.2 - - [12/Oct/2023:06:50:55 +0000] "POST /api/v1/critical/database HTTP/1.1" 500 1500 "-" "Mozilla/5.0"
198.51.100.4 - - [12/Oct/2023:06:55:01 +0000] "POST /api/v1/emergency/shutdown?auth=EMERG HTTP/1.1" 503 200 "-" "Mozilla/5.0"
192.168.1.1 - - [12/Oct/2023:07:02:10 +0000] "GET /api/v1/products HTTP/1.1" 200 4300 "-" "Mozilla/5.0"
10.0.0.5 - - [12/Oct/2023:07:07:12 +0000] "GET /static/js/bundle.js HTTP/1.1" 200 120450 "http://localhost:3000" "Mozilla/5.0"
172.16.0.2 - - [12/Oct/2023:07:12:44 +0000] "POST /api/v1/auth/login HTTP/1.1" 401 150 "-" "Mozilla/5.0"
8.8.8.8 - - [12/Oct/2023:07:17:15 +0000] "GET /favicon.ico HTTP/1.1" 200 1400 "-" "Mozilla/5.0"
192.168.1.10 - admin [12/Oct/2023:07:22:30 +0000] "GET /admin/settings HTTP/1.1" 200 8400 "-" "Mozilla/5.0"
192.168.2.45 - - [12/Oct/2023:07:27:01 +0000] "GET /api/v1/debug/log?level=DEBUG HTTP/1.1" 200 150 "-" "curl/7.68.0"
10.10.10.10 - - [12/Oct/2023:07:32:05 +0000] "GET /api/v1/status?msg=INFO HTTP/1.1" 200 450 "-" "Mozilla/5.0"
109.224.11.3 - - [12/Oct/2023:07:37:18 +0000] "GET /nonexistent HTTP/1.1" 404 320 "-" "Mozilla/5.0"
64.233.160.10 - - [12/Oct/2023:07:42:29 +0000] "GET /api/v1/warning/disk-space?pct=WARN HTTP/1.1" 200 80 "-" "Mozilla/5.0"
207.46.13.15 - - [12/Oct/2023:07:47:33 +0000] "GET /api/v1/errors/validation?err=ERROR HTTP/1.1" 400 620 "-" "Mozilla/5.0"
157.55.39.2 - - [12/Oct/2023:07:52:14 +0000] "POST /api/v1/critical/database HTTP/1.1" 500 1500 "-" "Mozilla/5.0"
198.51.100.4 - - [12/Oct/2023:07:57:48 +0000] "GET /api/v1/system/alert?level=ALERT HTTP/1.1" 200 120 "-" "Mozilla/5.0"
192.168.1.1 - - [12/Oct/2023:08:01:05 +0000] "GET /api/v1/products HTTP/1.1" 200 4500 "-" "Mozilla/5.0"
10.0.0.5 - - [12/Oct/2023:08:06:18 +0000] "GET /static/css/main.css HTTP/1.1" 200 15200 "http://localhost:3000" "Mozilla/5.0"
172.16.0.2 - - [12/Oct/2023:08:11:12 +0000] "POST /api/v1/auth/login HTTP/1.1" 200 1200 "-" "Mozilla/5.0"
8.8.8.8 - - [12/Oct/2023:08:16:30 +0000] "GET /index.html HTTP/1.1" 200 8500 "-" "Mozilla/5.0"
192.168.1.10 - admin [12/Oct/2023:08:21:45 +0000] "GET /admin/dashboard HTTP/1.1" 403 220 "-" "Mozilla/5.0"
192.168.2.45 - - [12/Oct/2023:08:26:12 +0000] "GET /api/v1/debug/log?level=DEBUG HTTP/1.1" 200 150 "-" "curl/7.68.0"
10.10.10.10 - - [12/Oct/2023:08:31:55 +0000] "GET /api/v1/status?msg=INFO HTTP/1.1" 200 450 "-" "Mozilla/5.0"
109.224.11.3 - - [12/Oct/2023:08:36:02 +0000] "GET /nonexistent HTTP/1.1" 404 320 "-" "Mozilla/5.0"
64.233.160.10 - - [12/Oct/2023:08:41:40 +0000] "GET /api/v1/warning/disk-space?pct=WARN HTTP/1.1" 200 80 "-" "Mozilla/5.0"
207.46.13.15 - - [12/Oct/2023:08:46:15 +0000] "GET /api/v1/errors/validation?err=ERROR HTTP/1.1" 400 620 "-" "Mozilla/5.0"
157.55.39.2 - - [12/Oct/2023:08:51:22 +0000] "POST /api/v1/critical/database HTTP/1.1" 500 1500 "-" "Mozilla/5.0"
198.51.100.4 - - [12/Oct/2023:08:56:33 +0000] "GET /api/v1/notice/update?id=NOTICE HTTP/1.1" 200 110 "-" "Mozilla/5.0"
192.168.1.1 - - [12/Oct/2023:09:01:23 +0000] "GET /api/v1/products HTTP/1.1" 200 4500 "-" "Mozilla/5.0"
10.0.0.5 - - [12/Oct/2023:09:05:44 +0000] "GET /static/css/main.css HTTP/1.1" 304 - "http://localhost:3000" "Mozilla/5.0"
172.16.0.2 - - [12/Oct/2023:09:10:12 +0000] "POST /api/v1/auth/login HTTP/1.1" 200 1200 "-" "PostmanRuntime/7.29.2"
8.8.8.8 - - [12/Oct/2023:09:15:30 +0000] "GET /index.html HTTP/1.1" 200 8500 "-" "Mozilla/5.0 (compatible; Googlebot/2.1)"
192.168.1.10 - admin [12/Oct/2023:09:20:05 +0000] "GET /admin/dashboard HTTP/1.1" 200 24000 "-" "Mozilla/5.0"
192.168.2.45 - - [12/Oct/2023:09:25:50 +0000] "GET /api/v1/debug/log?level=DEBUG HTTP/1.1" 200 150 "-" "curl/7.68.0"
10.10.10.10 - - [12/Oct/2023:09:30:15 +0000] "GET /api/v1/status?msg=INFO HTTP/1.1" 200 450 "-" "Mozilla/5.0"
109.224.11.3 - - [12/Oct/2023:09:35:40 +0000] "GET /nonexistent HTTP/1.1" 404 320 "-" "Mozilla/5.0"
64.233.160.10 - - [12/Oct/2023:09:40:22 +0000] "GET /api/v1/warning/disk-space?pct=WARN HTTP/1.1" 200 80 "-" "Mozilla/5.0"
207.46.13.15 - - [12/Oct/2023:09:45:10 +0000] "GET /api/v1/errors/validation?err=ERROR HTTP/1.1" 400 620 "-" "Mozilla/5.0"
157.55.39.2 - - [12/Oct/2023:09:50:55 +0000] "POST /api/v1/critical/database HTTP/1.1" 500 1500 "-" "Mozilla/5.0"
198.51.100.4 - - [12/Oct/2023:09:55:01 +0000] "POST /api/v1/emergency/shutdown?auth=EMERG HTTP/1.1" 503 200 "-" "Mozilla/5.0"
192.168.1.1 - - [12/Oct/2023:10:02:10 +0000] "GET /api/v1/products HTTP/1.1" 200 4300 "-" "Mozilla/5.0"
10.0.0.5 - - [12/Oct/2023:10:07:12 +0000] "GET /static/js/bundle.js HTTP/1.1" 200 120450 "http://localhost:3000" "Mozilla/5.0"
172.16.0.2 - - [12/Oct/2023:10:12:44 +0000] "POST /api/v1/auth/login HTTP/1.1" 401 150 "-" "Mozilla/5.0"
8.8.8.8 - - [12/Oct/2023:10:17:15 +0000] "GET /favicon.ico HTTP/1.1" 200 1400 "-" "Mozilla/5.0"
192.168.1.10 - admin [12/Oct/2023:10:22:30 +0000] "GET /admin/settings HTTP/1.1" 200 8400 "-" "Mozilla/5.0"
192.168.2.45 - - [12/Oct/2023:10:27:01 +0000] "GET /api/v1/debug/log?level=DEBUG HTTP/1.1" 200 150 "-" "curl/7.68.0"
10.10.10.10 - - [12/Oct/2023:10:32:05 +0000] "GET /api/v1/status?msg=INFO HTTP/1.1" 200 450 "-" "Mozilla/5.0"
109.224.11.3 - - [12/Oct/2023:10:37:18 +0000] "GET /nonexistent HTTP/1.1" 404 320 "-" "Mozilla/5.0"
64.233.160.10 - - [12/Oct/2023:10:42:29 +0000] "GET /api/v1/warning/disk-space?pct=WARN HTTP/1.1" 200 80 "-" "Mozilla/5.0"
207.46.13.15 - - [12/Oct/2023:10:47:33 +0000] "GET /api/v1/errors/validation?err=ERROR HTTP/1.1" 400 620 "-" "Mozilla/5.0"
157.55.39.2 - - [12/Oct/2023:10:52:14 +0000] "POST /api/v1/critical/database HTTP/1.1" 500 1500 "-" "Mozilla/5.0"
198.51.100.4 - - [12/Oct/2023:10:57:48 +0000] "GET /api/v1/system/alert?level=ALERT HTTP/1.1" 200 120 "-" "Mozilla/5.0"
192.168.1.1 - - [12/Oct/2023:11:01:05 +0000] "GET /api/v1/products HTTP/1.1" 200 4500 "-" "Mozilla/5.0"
10.0.0.5 - - [12/Oct/2023:11:06:18 +0000] "GET /static/css/main.css HTTP/1.1" 200 15200 "http://localhost:3000" "Mozilla/5.0"
172.16.0.2 - - [12/Oct/2023:11:11:12 +0000] "POST /api/v1/auth/login HTTP/1.1" 200 1200 "-" "Mozilla/5.0"
8.8.8.8 - - [12/Oct/2023:11:16:30 +0000] "GET /index.html HTTP/1.1" 200 8500 "-" "Mozilla/5.0"
192.168.1.10 - admin [12/Oct/2023:11:21:45 +0000] "GET /admin/dashboard HTTP/1.1" 403 220 "-" "Mozilla/5.0"
192.168.2.45 - - [12/Oct/2023:11:26:12 +0000] "GET /api/v1/debug/log?level=DEBUG HTTP/1.1" 200 150 "-" "curl/7.68.0"
10.10.10.10 - - [12/Oct/2023:11:31:55 +0000] "GET /api/v1/status?msg=INFO HTTP/1.1" 200 450 "-" "Mozilla/5.0"
109.224.11.3 - - [12/Oct/2023:11:36:02 +0000] "GET /nonexistent HTTP/1.1" 404 320 "-" "Mozilla/5.0"
64.233.160.10 - - [12/Oct/2023:11:41:40 +0000] "GET /api/v1/warning/disk-space?pct=WARN HTTP/1.1" 200 80 "-" "Mozilla/5.0"
207.46.13.15 - - [12/Oct/2023:11:46:15 +0000] "GET /api/v1/errors/validation?err=ERROR HTTP/1.1" 400 620 "-" "Mozilla/5.0"
157.55.39.2 - - [12/Oct/2023:11:51:22 +0000] "POST /api/v1/critical/database HTTP/1.1" 500 1500 "-" "Mozilla/5.0"
198.51.100.4 - - [12/Oct/2023:11:56:33 +0000] "GET /api/v1/notice/update?id=NOTICE HTTP/1.1" 200 110 "-" "Mozilla/5.0"
192.168.1.1 - - [12/Oct/2023:12:01:23 +0000] "GET /api/v1/products HTTP/1.1" 200 4500 "-" "Mozilla/5.0"
10.0.0.5 - - [12/Oct/2023:12:05:44 +0000] "GET /static/css/main.css HTTP/1.1" 304 - "http://localhost:3000" "Mozilla/5.0"
172.16.0.2 - - [12/Oct/2023:12:10:12 +0000] "POST /api/v1/auth/login HTTP/1.1" 200 1200 "-" "PostmanRuntime/7.29.2"
8.8.8.8 - - [12/Oct/2023:12:15:30 +0000] "GET /index.html HTTP/1.1" 200 8500 "-" "Mozilla/5.0 (compatible; Googlebot/2.1)"
192.168.1.10 - admin [12/Oct/2023:12:20:05 +0000] "GET /admin/dashboard HTTP/1.1" 200 24000 "-" "Mozilla/5.0"
192.168.2.45 - - [12/Oct/2023:12:25:50 +0000] "GET /api/v1/debug/log?level=DEBUG HTTP/1.1" 200 150 "-" "curl/7.68.0"
10.10.10.10 - - [12/Oct/2023:12:30:15 +0000] "GET /api/v1/status?msg=INFO HTTP/1.1" 200 450 "-" "Mozilla/5.0"
109.224.11.3 - - [12/Oct/2023:12:35:40 +0000] "GET /nonexistent HTTP/1.1" 404 320 "-" "Mozilla/5.0"
64.233.160.10 - - [12/Oct/2023:12:40:22 +0000] "GET /api/v1/warning/disk-space?pct=WARN HTTP/1.1" 200 80 "-" "Mozilla/5.0"
207.46.13.15 - - [12/Oct/2023:12:45:10 +0000] "GET /api/v1/errors/validation?err=ERROR HTTP/1.1" 400 620 "-" "Mozilla/5.0"
157.55.39.2 - - [12/Oct/2023:12:50:55 +0000] "POST /api/v1/critical/database HTTP/1.1" 500 1500 "-" "Mozilla/5.0"
198.51.100.4 - - [12/Oct/2023:12:55:01 +0000] "POST /api/v1/emergency/shutdown?auth=EMERG HTTP/1.1" 503 200 "-" "Mozilla/5.0"
192.168.1.1 - - [12/Oct/2023:13:02:10 +0000] "GET /api/v1/products HTTP/1.1" 200 4300 "-" "Mozilla/5.0"
10.0.0.5 - - [12/Oct/2023:13:07:12 +0000] "GET /static/js/bundle.js HTTP/1.1" 200 120450 "http://localhost:3000" "Mozilla/5.0"
172.16.0.2 - - [12/Oct/2023:13:12:44 +0000] "POST /api/v1/auth/login HTTP/1.1" 401 150 "-" "Mozilla/5.0"
8.8.8.8 - - [12/Oct/2023:13:17:15 +0000] "GET /favicon.ico HTTP/1.1" 200 1400 "-" "Mozilla/5.0"
192.168.1.10 - admin [12/Oct/2023:13:22:30 +0000] "GET /admin/settings HTTP/1.1" 200 8400 "-" "Mozilla/5.0"
192.168.2.45 - - [12/Oct/2023:13:27:01 +0000] "GET /api/v1/debug/log?level=DEBUG HTTP/1.1" 200 150 "-" "curl/7.68.0"
10.10.10.10 - - [12/Oct/2023:13:32:05 +0000] "GET /api/v1/status?msg=INFO HTTP/1.1" 200 450 "-" "Mozilla/5.0"
109.224.11.3 - - [12/Oct/2023:13:37:18 +0000] "GET /nonexistent HTTP/1.1" 404 320 "-" "Mozilla/5.0"
64.233.160.10 - - [12/Oct/2023:13:42:29 +0000] "GET /api/v1/warning/disk-space?pct=WARN HTTP/1.1" 200 80 "-" "Mozilla/5.0"
207.46.13.15 - - [12/Oct/2023:13:47:33 +0000] "GET /api/v1/errors/validation?err=ERROR HTTP/1.1" 400 620 "-" "Mozilla/5.0"
157.55.39.2 - - [12/Oct/2023:13:52:14 +0000] "POST /api/v1/critical/database HTTP/1.1" 500 1500 "-" "Mozilla/5.0"
198.51.100.4 - - [12/Oct/2023:13:57:48 +0000] "GET /api/v1/system/alert?level=ALERT HTTP/1.1" 200 120 "-" "Mozilla/5.0"
192.168.1.1 - - [12/Oct/2023:14:01:05 +0000] "GET /api/v1/products HTTP/1.1" 200 4500 "-" "Mozilla/5.0"
10.0.0.5 - - [12/Oct/2023:14:06:18 +0000] "GET /static/css/main.css HTTP/1.1" 200 15200 "http://localhost:3000" "Mozilla/5.0"
172.16.0.2 - - [12/Oct/2023:14:11:12 +0000] "POST /api/v1/auth/login HTTP/1.1" 200 1200 "-" "Mozilla/5.0"
8.8.8.8 - - [12/Oct/2023:14:16:30 +0000] "GET /index.html HTTP/1.1" 200 8500 "-" "Mozilla/5.0"
192.168.1.10 - admin [12/Oct/2023:14:21:45 +0000] "GET /admin/dashboard HTTP/1.1" 403 220 "-" "Mozilla/5.0"
192.168.2.45 - - [12/Oct/2023:14:26:12 +0000] "GET /api/v1/debug/log?level=DEBUG HTTP/1.1" 200 150 "-" "curl/7.68.0"
10.10.10.10 - - [12/Oct/2023:14:31:55 +0000] "GET /api/v1/status?msg=INFO HTTP/1.1" 200 450 "-" "Mozilla/5.0"
109.224.11.3 - - [12/Oct/2023:14:36:02 +0000] "GET /nonexistent HTTP/1.1" 404 320 "-" "Mozilla/5.0"
64.233.160.10 - - [12/Oct/2023:14:41:40 +0000] "GET /api/v1/warning/disk-space?pct=WARN HTTP/1.1" 200 80 "-" "Mozilla/5.0"
207.46.13.15 - - [12/Oct/2023:14:46:15 +0000] "GET /api/v1/errors/validation?err=ERROR HTTP/1.1" 400 620 "-" "Mozilla/5.0"
157.55.39.2 - - [12/Oct/2023:14:51:22 +0000] "POST /api/v1/critical/database HTTP/1.1" 500 1500 "-" "Mozilla/5.0"
198.51.100.4 - - [12/Oct/2023:14:56:33 +0000] "GET /api/v1/notice/update?id=NOTICE HTTP/1.1" 200 110 "-" "Mozilla/5.0"
192.168.1.1 - - [12/Oct/2023:15:01:23 +0000] "GET /api/v1/products HTTP/1.1" 200 4500 "-" "Mozilla/5.0"
10.0.0.5 - - [12/Oct/2023:15:05:44 +0000] "GET /static/css/main.css HTTP/1.1" 304 - "http://localhost:3000" "Mozilla/5.0"
172.16.0.2 - - [12/Oct/2023:15:10:12 +0000] "POST /api/v1/auth/login HTTP/1.1" 200 1200 "-" "PostmanRuntime/7.29.2"
8.8.8.8 - - [12/Oct/2023:15:15:30 +0000] "GET /index.html HTTP/1.1" 200 8500 "-" "Mozilla/5.0 (compatible; Googlebot/2.1)"
192.168.1.10 - admin [12/Oct/2023:15:20:05 +0000] "GET /admin/dashboard HTTP/1.1" 200 24000 "-" "Mozilla/5.0"
192.168.2.45 - - [12/Oct/2023:15:25:50 +0000] "GET /api/v1/debug/log?level=DEBUG HTTP/1.1" 200 150 "-" "curl/7.68.0"
10.10.10.10 - - [12/Oct/2023:15:30:15 +0000] "GET /api/v1/status?msg=INFO HTTP/1.1" 200 450 "-" "Mozilla/5.0"
109.224.11.3 - - [12/Oct/2023:15:35:40 +0000] "GET /nonexistent HTTP/1.1" 404 320 "-" "Mozilla/5.0"
64.233.160.10 - - [12/Oct/2023:15:40:22 +0000] "GET /api/v1/warning/disk-space?pct=WARN HTTP/1.1" 200 80 "-" "Mozilla/5.0"
207.46.13.15 - - [12/Oct/2023:15:45:10 +0000] "GET /api/v1/errors/validation?err=ERROR HTTP/1.1" 400 620 "-" "Mozilla/5.0"
157.55.39.2 - - [12/Oct/2023:15:50:55 +0000] "POST /api/v1/critical/database HTTP/1.1" 500 1500 "-" "Mozilla/5.0"
198.51.100.4 - - [12/Oct/2023:15:55:01 +0000] "POST /api/v1/emergency/shutdown?auth=EMERG HTTP/1.1" 503 200 "-" "Mozilla/5.0"
192.168.1.1 - - [12/Oct/2023:16:02:10 +0000] "GET /api/v1/products HTTP/1.1" 200 4300 "-" "Mozilla/5.0"
10.0.0.5 - - [12/Oct/2023:16:07:12 +0000] "GET /static/js/bundle.js HTTP/1.1" 200 120450 "http://localhost:3000" "Mozilla/5.0"
172.16.0.2 - - [12/Oct/2023:16:12:44 +0000] "POST /api/v1/auth/login HTTP/1.1" 401 150 "-" "Mozilla/5.0"
8.8.8.8 - - [12/Oct/2023:16:17:15 +0000] "GET /favicon.ico HTTP/1.1" 200 1400 "-" "Mozilla/5.0"
192.168.1.10 - admin [12/Oct/2023:16:22:30 +0000] "GET /admin/settings HTTP/1.1" 200 8400 "-" "Mozilla/5.0"
192.168.2.45 - - [12/Oct/2023:16:27:01 +0000] "GET /api/v1/debug/log?level=DEBUG HTTP/1.1" 200 150 "-" "curl/7.68.0"
10.10.10.10 - - [12/Oct/2023:16:32:05 +0000] "GET /api/v1/status?msg=INFO HTTP/1.1" 200 450 "-" "Mozilla/5.0"
109.224.11.3 - - [12/Oct/2023:16:37:18 +0000] "GET /nonexistent HTTP/1.1" 404 320 "-" "Mozilla/5.0"
64.233.160.10 - - [12/Oct/2023:16:42:29 +0000] "GET /api/v1/warning/disk-space?pct=WARN HTTP/1.1" 200 80 "-" "Mozilla/5.0"
207.46.13.15 - - [12/Oct/2023:16:47:33 +0000] "GET /api/v1/errors/validation?err=ERROR HTTP/1.1" 400 620 "-" "Mozilla/5.0"
157.55.39.2 - - [12/Oct/2023:16:52:14 +0000] "POST /api/v1/critical/database HTTP/1.1" 500 1500 "-" "Mozilla/5.0"
198.51.100.4 - - [12/Oct/2023:16:57:48 +0000] "GET /api/v1/system/alert?level=ALERT HTTP/1.1" 200 120 "-" "Mozilla/5.0"
192.168.1.1 - - [12/Oct/2023:17:01:05 +0000] "GET /api/v1/products HTTP/1.1" 200 4500 "-" "Mozilla/5.0"
10.0.0.5 - - [12/Oct/2023:17:06:18 +0000] "GET /static/css/main.css HTTP/1.1" 200 15200 "http://localhost:3000" "Mozilla/5.0"
172.16.0.2 - - [12/Oct/2023:17:11:12 +0000] "POST /api/v1/auth/login HTTP/1.1" 200 1200 "-" "Mozilla/5.0"
8.8.8.8 - - [12/Oct/2023:17:16:30 +0000] "GET /index.html HTTP/1.1" 200 8500 "-" "Mozilla/5.0"
192.168.1.10 - admin [12/Oct/2023:17:21:45 +0000] "GET /admin/dashboard HTTP/1.1" 403 220 "-" "Mozilla/5.0"
192.168.2.45 - - [12/Oct/2023:17:26:12 +0000] "GET /api/v1/debug/log?level=DEBUG HTTP/1.1" 200 150 "-" "curl/7.68.0"
10.10.10.10 - - [12/Oct/2023:17:31:55 +0000] "GET /api/v1/status?msg=INFO HTTP/1.1" 200 450 "-" "Mozilla/5.0"
109.224.11.3 - - [12/Oct/2023:17:36:02 +0000] "GET /nonexistent HTTP/1.1" 404 320 "-" "Mozilla/5.0"
64.233.160.10 - - [12/Oct/2023:17:41:40 +0000] "GET /api/v1/warning/disk-space?pct=WARN HTTP/1.1" 200 80 "-" "Mozilla/5.0"
207.46.13.15 - - [12/Oct/2023:17:46:15 +0000] "GET /api/v1/errors/validation?err=ERROR HTTP/1.1" 400 620 "-" "Mozilla/5.0"
157.55.39.2 - - [12/Oct/2023:17:51:22 +0000] "POST /api/v1/critical/database HTTP/1.1" 500 1500 "-" "Mozilla/5.0"
198.51.100.4 - - [12/Oct/2023:17:56:33 +0000] "GET /api/v1/notice/update?id=NOTICE HTTP/1.1" 200 110 "-" "Mozilla/5.0"
192.168.1.1 - - [12/Oct/2023:18:01:23 +0000] "GET /api/v1/products HTTP/1.1" 200 4500 "-" "Mozilla/5.0"
10.0.0.5 - - [12/Oct/2023:18:05:44 +0000] "GET /static/css/main.css HTTP/1.1" 304 - "http://localhost:3000" "Mozilla/5.0"
172.16.0.2 - - [12/Oct/2023:18:10:12 +0000] "POST /api/v1/auth/login HTTP/1.1" 200 1200 "-" "PostmanRuntime/7.29.2"
8.8.8.8 - - [12/Oct/2023:18:15:30 +0000] "GET /index.html HTTP/1.1" 200 8500 "-" "Mozilla/5.0 (compatible; Googlebot/2.1)"
192.168.1.10 - admin [12/Oct/2023:18:20:05 +0000] "GET /admin/dashboard HTTP/1.1" 200 24000 "-" "Mozilla/5.0"
192.168.2.45 - - [12/Oct/2023:18:25:50 +0000] "GET /api/v1/debug/log?level=DEBUG HTTP/1.1" 200 150 "-" "curl/7.68.0"
10.10.10.10 - - [12/Oct/2023:18:30:15 +0000] "GET /api/v1/status?msg=INFO HTTP/1.1" 200 450 "-" "Mozilla/5.0"
109.224.11.3 - - [12/Oct/2023:18:35:40 +0000] "GET /nonexistent HTTP/1.1" 404 320 "-" "Mozilla/5.0"
64.233.160.10 - - [12/Oct/2023:18:40:22 +0000] "GET /api/v1/warning/disk-space?pct=WARN HTTP/1.1" 200 80 "-" "Mozilla/5.0"
207.46.13.15 - - [12/Oct/2023:18:45:10 +0000] "GET /api/v1/errors/validation?err=ERROR HTTP/1.1" 400 620 "-" "Mozilla/5.0"
157.55.39.2 - - [12/Oct/2023:18:50:55 +0000] "POST /api/v1/critical/database HTTP/1.1" 500 1500 "-" "Mozilla/5.0"
198.51.100.4 - - [12/Oct/2023:18:55:01 +0000] "POST /api/v1/emergency/shutdown?auth=EMERG HTTP/1.1" 503 200 "-" "Mozilla/5.0"
192.168.1.1 - - [12/Oct/2023:19:02:10 +0000] "GET /api/v1/products HTTP/1.1" 200 4300 "-" "Mozilla/5.0"
10.0.0.5 - - [12/Oct/2023:19:07:12 +0000] "GET /static/js/bundle.js HTTP/1.1" 200 120450 "http://localhost:3000" "Mozilla/5.0"
172.16.0.2 - - [12/Oct/2023:19:12:44 +0000] "POST /api/v1/auth/login HTTP/1.1" 401 150 "-" "Mozilla/5.0"
8.8.8.8 - - [12/Oct/2023:19:17:15 +0000] "GET /favicon.ico HTTP/1.1" 200 1400 "-" "Mozilla/5.0"
192.168.1.10 - admin [12/Oct/2023:19:22:30 +0000] "GET /admin/settings HTTP/1.1" 200 8400 "-" "Mozilla/5.0"
192.168.2.45 - - [12/Oct/2023:19:27:01 +0000] "GET /api/v1/debug/log?level=DEBUG HTTP/1.1" 200 150 "-" "curl/7.68.0"
10.10.10.10 - - [12/Oct/2023:19:32:05 +0000] "GET /api/v1/status?msg=INFO HTTP/1.1" 200 450 "-" "Mozilla/5.0"
109.224.11.3 - - [12/Oct/2023:19:37:18 +0000] "GET /nonexistent HTTP/1.1" 404 320 "-" "Mozilla/5.0"
64.233.160.10 - - [12/Oct/2023:19:42:29 +0000] "GET /api/v1/warning/disk-space?pct=WARN HTTP/1.1" 200 80 "-" "Mozilla/5.0"
207.46.13.15 - - [12/Oct/2023:19:47:33 +0000] "GET /api/v1/errors/validation?err=ERROR HTTP/1.1" 400 620 "-" "Mozilla/5.0"
157.55.39.2 - - [12/Oct/2023:19:52:14 +0000] "POST /api/v1/critical/database HTTP/1.1" 500 1500 "-" "Mozilla/5.0"
198.51.100.4 - - [12/Oct/2023:19:57:48 +0000] "GET /api/v1/system/alert?level=ALERT HTTP/1.1" 200 120 "-" "Mozilla/5.0"
192.168.1.1 - - [12/Oct/2023:20:01:05 +0000] "GET /api/v1/products HTTP/1.1" 200 4500 "-" "Mozilla/5.0"
10.0.0.5 - - [12/Oct/2023:20:06:18 +0000] "GET /static/css/main.css HTTP/1.1" 200 15200 "http://localhost:3000" "Mozilla/5.0"
172.16.0.2 - - [12/Oct/2023:20:11:12 +0000] "POST /api/v1/auth/login HTTP/1.1" 200 1200 "-" "Mozilla/5.0"
8.8.8.8 - - [12/Oct/2023:20:16:30 +0000] "GET /index.html HTTP/1.1" 200 8500 "-" "Mozilla/5.0"
192.168.1.10 - admin [12/Oct/2023:20:21:45 +0000] "GET /admin/dashboard HTTP/1.1" 403 220 "-" "Mozilla/5.0"
192.168.2.45 - - [12/Oct/2023:20:26:12 +0000] "GET /api/v1/debug/log?level=DEBUG HTTP/1.1" 200 150 "-" "curl/7.68.0"
10.10.10.10 - - [12/Oct/2023:20:31:55 +0000] "GET /api/v1/status?msg=INFO HTTP/1.1" 200 450 "-" "Mozilla/5.0"
109.224.11.3 - - [12/Oct/2023:20:36:02 +0000] "GET /nonexistent HTTP/1.1" 404 320 "-" "Mozilla/5.0"
64.233.160.10 - - [12/Oct/2023:20:41:40 +0000] "GET /api/v1/warning/disk-space?pct=WARN HTTP/1.1" 200 80 "-" "Mozilla/5.0"
207.46.13.15 - - [12/Oct/2023:20:46:15 +0000] "GET /api/v1/errors/validation?err=ERROR HTTP/1.1" 400 620 "-" "Mozilla/5.0"
157.55.39.2 - - [12/Oct/2023:20:51:22 +0000] "POST /api/v1/critical/database HTTP/1.1" 500 1500 "-" "Mozilla/5.0"
198.51.100.4 - - [12/Oct/2023:20:56:33 +0000] "GET /api/v1/notice/update?id=NOTICE HTTP/1.1" 200 110 "-" "Mozilla/5.0"
192.168.1.1 - - [12/Oct/2023:21:01:23 +0000] "GET /api/v1/products HTTP/1.1" 200 4500 "-" "Mozilla/5.0"
10.0.0.5 - - [12/Oct/2023:21:05:44 +0000] "GET /static/css/main.css HTTP/1.1" 304 - "http://localhost:3000" "Mozilla/5.0"
172.16.0.2 - - [12/Oct/2023:21:10:12 +0000] "POST /api/v1/auth/login HTTP/1.1" 200 1200 "-" "PostmanRuntime/7.29.2"
8.8.8.8 - - [12/Oct/2023:21:15:30 +0000] "GET /index.html HTTP/1.1" 200 8500 "-" "Mozilla/5.0 (compatible; Googlebot/2.1)"
192.168.1.10 - admin [12/Oct/2023:21:20:05 +0000] "GET /admin/dashboard HTTP/1.1" 200 24000 "-" "Mozilla/5.0"
192.168.2.45 - - [12/Oct/2023:21:25:50 +0000] "GET /api/v1/debug/log?level=DEBUG HTTP/1.1" 200 150 "-" "curl/7.68.0"
10.10.10.10 - - [12/Oct/2023:21:30:15 +0000] "GET /api/v1/status?msg=INFO HTTP/1.1" 200 450 "-" "Mozilla/5.0"
109.224.11.3 - - [12/Oct/2023:21:35:40 +0000] "GET /nonexistent HTTP/1.1" 404 320 "-" "Mozilla/5.0"
64.233.160.10 - - [12/Oct/2023:21:40:22 +0000] "GET /api/v1/warning/disk-space?pct=WARN HTTP/1.1" 200 80 "-" "Mozilla/5.0"
207.46.13.15 - - [12/Oct/2023:21:45:10 +0000] "GET /api/v1/errors/validation?err=ERROR HTTP/1.1" 400 620 "-" "Mozilla/5.0"
157.55.39.2 - - [12/Oct/2023:21:50:55 +0000] "POST /api/v1/critical/database HTTP/1.1" 500 1500 "-" "Mozilla/5.0"
198.51.100.4 - - [12/Oct/2023:21:55:01 +0000] "POST /api/v1/emergency/shutdown?auth=EMERG HTTP/1.1" 503 200 "-" "Mozilla/5.0"
192.168.1.1 - - [12/Oct/2023:22:02:10 +0000] "GET /api/v1/products HTTP/1.1" 200 4300 "-" "Mozilla/5.0"
10.0.0.5 - - [12/Oct/2023:22:07:12 +0000] "GET /static/js/bundle.js HTTP/1.1" 200 120450 "http://localhost:3000" "Mozilla/5.0"
172.16.0.2 - - [12/Oct/2023:22:12:44 +0000] "POST /api/v1/auth/login HTTP/1.1" 401 150 "-" "Mozilla/5.0"
8.8.8.8 - - [12/Oct/2023:22:17:15 +0000] "GET /favicon.ico HTTP/1.1" 200 1400 "-" "Mozilla/5.0"
192.168.1.10 - admin [12/Oct/2023:22:22:30 +0000] "GET /admin/settings HTTP/1.1" 200 8400 "-" "Mozilla/5.0"
192.168.2.45 - - [12/Oct/2023:22:27:01 +0000] "GET /api/v1/debug/log?level=DEBUG HTTP/1.1" 200 150 "-" "curl/7.68.0"
10.10.10.10 - - [12/Oct/2023:22:32:05 +0000] "GET /api/v1/status?msg=INFO HTTP/1.1" 200 450 "-" "Mozilla/5.0"
109.224.11.3 - - [12/Oct/2023:22:37:18 +0000] "GET /nonexistent HTTP/1.1" 404 320 "-" "Mozilla/5.0"
64.233.160.10 - - [12/Oct/2023:22:42:29 +0000] "GET /api/v1/warning/disk-space?pct=WARN HTTP/1.1" 200 80 "-" "Mozilla/5.0"
207.46.13.15 - - [12/Oct/2023:22:47:33 +0000] "GET /api/v1/errors/validation?err=ERROR HTTP/1.1" 400 620 "-" "Mozilla/5.0"
157.55.39.2 - - [12/Oct/2023:22:52:14 +0000] "POST /api/v1/critical/database HTTP/1.1" 500 1500 "-" "Mozilla/5.0"
198.51.100.4 - - [12/Oct/2023:22:57:48 +0000] "GET /api/v1/system/alert?level=ALERT HTTP/1.1" 200 120 "-" "Mozilla/5.0"
192.168.1.1 - - [12/Oct/2023:23:01:05 +0000] "GET /api/v1/products HTTP/1.1" 200 4500 "-" "Mozilla/5.0"
10.0.0.5 - - [12/Oct/2023:23:06:18 +0000] "GET /static/css/main.css HTTP/1.1" 200 15200 "http://localhost:3000" "Mozilla/5.0"
172.16.0.2 - - [12/Oct/2023:23:11:12 +0000] "POST /api/v1/auth/login HTTP/1.1" 200 1200 "-" "Mozilla/5.0"
8.8.8.8 - - [12/Oct/2023:23:16:30 +0000] "GET /index.html HTTP/1.1" 200 8500 "-" "Mozilla/5.0"
192.168.1.10 - admin [12/Oct/2023:23:21:45 +0000] "GET /admin/dashboard HTTP/1.1" 403 220 "-" "Mozilla/5.0"
192.168.2.45 - - [12/Oct/2023:23:26:12 +0000] "GET /api/v1/debug/log?level=DEBUG HTTP/1.1" 200 150 "-" "curl/7.68.0"
10.10.10.10 - - [12/Oct/2023:23:31:55 +0000] "GET /api/v1/status?msg=INFO HTTP/1.1" 200 450 "-" "Mozilla/5.0"
109.224.11.3 - - [12/Oct/2023:23:36:02 +0000] "GET /nonexistent HTTP/1.1" 404 320 "-" "Mozilla/5.0"
64.233.160.10 - - [12/Oct/2023:23:41:40 +0000] "GET /api/v1/warning/disk-space?pct=WARN HTTP/1.1" 200 80 "-" "Mozilla/5.0"
207.46.13.15 - - [12/Oct/2023:23:46:15 +0000] "GET /api/v1/errors/validation?err=ERROR HTTP/1.1" 400 620 "-" "Mozilla/5.0"
157.55.39.2 - - [12/Oct/2023:23:51:22 +0000] "POST /api/v1/critical/database HTTP/1.1" 500 1500 "-" "Mozilla/5.0"
198.51.100.4 - - [12/Oct/2023:23:56:33 +0000] "GET /api/v1/notice/update?id=NOTICE HTTP/1.1" 200 110 "-" "Mozilla/5.0"
